// Jest Snapshot v1, https://goo.gl/fbAQLP

exports[`ResultsCard component should render right thing and don't change unexpected 1`] = `
<div>
  <div
    className="results-card-div"
  >
    <div
      className="ant-spin-nested-loading"
      style={null}
    >
      <div>
        <div
          className="ant-spin ant-spin-spinning"
        >
          <span
            className="ant-spin-dot ant-spin-dot-spin"
          >
            <i />
            <i />
            <i />
            <i />
          </span>
        </div>
      </div>
      <div
        className="ant-spin-container ant-spin-blur"
      >
        <span
          className="ant-avatar ant-avatar-lg ant-avatar-square"
          onClick={[Function]}
        >
          <span
            className="ant-avatar-string"
          />
        </span>
      </div>
    </div>
    <div
      className="results-card-content"
    >
      <div
        className="divhand"
        onMouseDown={[Function]}
      >
        <p>
          <span
            className="results-card-label"
          >
            <span>
              结果ID
            </span>
            : 
          </span>
          <span
            className="results-card-label-content"
          >
            1
          </span>
        </p>
        <p>
          <span
            className="results-card-label"
          >
            <span>
              任务ID
            </span>
            : 
          </span>
          <span
            className="results-card-label-content"
          >
            1
          </span>
        </p>
        <p>
          <span
            className="results-card-label"
          >
            <span>
              时间
            </span>
            : 
          </span>
          <span
            className="results-card-label-content"
          >
            2018-06-19 05:06:06
          </span>
        </p>
        <p>
          <span
            className="results-card-label"
          >
            <span>
              类型
            </span>
            : 
          </span>
          <span
            className="results-card-label-content"
          >
            car
          </span>
        </p>
        <p>
          <span
            className="results-card-label"
          >
            <span>
              任务类型
            </span>
            : 
          </span>
          <span
            className="results-card-label-content"
          >
            <span>
              实时监控
            </span>
          </span>
          <span
            className="results-card-content__btnGroups"
          >
            <button
              className="ant-btn ant-btn-dashed ant-btn-sm"
              disabled={false}
              name="resultDel"
              onClick={[Function]}
              type="button"
            >
              <i
                className="anticon anticon-delete large-icon"
              />
            </button>
            <label
              className="ant-radio-wrapper"
              onMouseEnter={undefined}
              onMouseLeave={undefined}
              style={undefined}
            >
              <span
                className="ant-radio"
                style={Object {}}
              >
                <input
                  autoFocus={undefined}
                  checked={false}
                  className="ant-radio-input"
                  disabled={undefined}
                  id={undefined}
                  name="resultSelect"
                  onBlur={[Function]}
                  onChange={[Function]}
                  onClick={undefined}
                  onFocus={[Function]}
                  readOnly={undefined}
                  tabIndex={undefined}
                  type="radio"
                  value={undefined}
                />
                <span
                  className="ant-radio-inner"
                />
              </span>
            </label>
          </span>
        </p>
      </div>
    </div>
  </div>
</div>
`;
